#max_provinces = 1466
definitions = "definition.csv"
provinces = "provinces.png"
#positions = "positions.txt"
rivers = "rivers.png"
#terrain_definition = "terrain.txt"
topology = "heightmap.heightmap"
#tree_definition = "trees.bmp"
continent = "continent.txt"
adjacencies = "adjacencies.csv"
#climate = "climate.txt"
island_region = "island_region.txt"
geographical_region = "geographical_region.txt"
seasons = "seasons.txt"

#############
# SEA ZONES
#############
sea_zones = RANGE { 1257 1258 }
sea_zones = RANGE { 1268 1269 }
sea_zones = RANGE { 1296 1298 }
sea_zones = LIST { 1303 }
sea_zones = RANGE { 1308 1310 }
sea_zones = LIST { 1927 }
sea_zones = RANGE { 1226 1246 }
sea_zones = RANGE { 1248 1256 }
sea_zones = RANGE { 1259 1267 }
sea_zones = RANGE { 1270 1295 }
sea_zones = RANGE { 1299 1302 }
sea_zones = RANGE { 1304 1307 }
sea_zones = RANGE { 1311 1315 }
sea_zones = RANGE { 3299 3302 }
sea_zones = RANGE { 3330 3350 }
sea_zones = RANGE { 3476 3483 }

###############
# MAJOR RIVERS
###############

########
# LAKES
########
lakes = LIST { 1889 1890 }
lakes = RANGE { 1316 1400 }
lakes = RANGE { 3471 3475 }
lakes = RANGE { 3484 3485 }

#####################
# IMPASSABLE TERRAIN
#####################
# Can be colored by whoever owns the most of the province's neighbours.
# Blocks unit movement.

############
# WASTELAND
############
# These are actually supposed to be Wasteland:
# Cannot be colored. Blocks unit movement, used for things like Sahara desert. 
impassable_mountains = RANGE { 3134 3198 }
impassable_mountains = LIST { 3126 }
impassable_mountains = RANGE { 3403 3405 }
impassable_mountains = LIST { 3557 }
impassable_mountains = RANGE { 3127 3133 } #WasteBlockers
impassable_mountains = LIST { 3486 }

# IMPASSABLE SEA ZONES
# These sea provinces cannot be crossed/sailed
# impassable_seas = RANGE { 1257 1258 }
# impassable_seas = RANGE { 1268 1269 }
# impassable_seas = RANGE { 1296 1298 }
# impassable_seas = LIST { 1303 }
# impassable_seas = RANGE { 1308 1310 }
# impassable_seas = LIST { 1927 }

# UNUSED PROVINCES
# These provinces cause issues because they are passable land, but not part of any title.
# They are probably not visible anywhere on the map, so feel free to reuse them (after double checking that they are actually missing).

